[localhost_8091/gobong/resources/img/logo.jpg]
[cdn.jsdelivr.net/npm/bulma@0.9.4/css/bulma.min.css]
[backblue.gif]
[fade.gif]
[index.html]
[code.jquery.com/jquery-3.7.0.min.js]
[localhost_8091/gobong/resources/img/Perd.png]
[localhost_8091/gobong/resources/img/Lerd.png]
[localhost_8091/gobong/resources/img/Table.png]
[localhost_8091/gobong/resources/img/pro.png]
[localhost_8091/gobong/index.html]
[cdn.jsdelivr.net/npm/bulma@0.9.4/css/bulma.min.css]
[localhost_8091/gobong/resources/css/main.css]
[localhost_8091/gobong/resources/css/footer.css]
[localhost_8091/gobong/resources/upload/dutamo/mori02.jpg]
[localhost_8091/gobong/resources/upload/dutamo/mori.png]
[localhost_8091/gobong/resources/img/reply.png]
[localhost_8091/gobong/resources/img/heart.png]
[localhost_8091/gobong/resources/upload/dutamo/tama00.jpg]
[localhost_8091/gobong/resources/upload/dutamo/tama.png]
[localhost_8091/gobong/resources/upload/dutamo/tama03.jpg]
[localhost_8091/gobong/resources/upload/dutamo/dubu01.jpg]
[localhost_8091/gobong/resources/upload/dutamo/dubu.png]
[localhost_8091/gobong/resources/upload/dutamo/mori04.jpg]
[localhost_8091/gobong/resources/upload/dutamo/mori00.jpg]
[localhost_8091/gobong/resources/upload/whatsup/42.jpg]
[localhost_8091/gobong/resources/upload/whatsup/whatsup.png]
[localhost_8091/gobong/resources/upload/whatsup/39.jpg]
[localhost_8091/gobong/resources/upload/whatsup/36.jpg]
[localhost_8091/gobong/resources/upload/whatsup/34.jpg]
[localhost_8091/gobong/resources/upload/whatsup/31.jpg]
[localhost_8091/gobong/resources/upload/whatsup/28.jpg]
[localhost_8091/gobong/resources/upload/whatsup/27.jpg]
[localhost_8091/gobong/resources/upload/whatsup/25.jpg]
[localhost_8091/gobong/resources/upload/whatsup/23.jpg]
[localhost_8091/gobong/resources/upload/whatsup/21.jpg]
[localhost_8091/gobong/resources/upload/whatsup/17.jpg]
[localhost_8091/gobong/resources/upload/whatsup/15.png]
[localhost_8091/gobong/resources/upload/whatsup/12.jpg]
[localhost_8091/gobong/resources/upload/whatsup/09.jpg]
[localhost_8091/gobong/resources/upload/whatsup/06.jpg]
[localhost_8091/gobong/resources/upload/whatsup/03.jpg]
[localhost_8091/gobong/resources/upload/whatsup/00.jpg]
[localhost_8091/gobong/board/boardlist.html]
[localhost_8091/gobong/user/join.html]
[localhost_8091/gobong/resources/img/logo2.jpg]
[localhost_8091/gobong/test/home.html]
[localhost_8091/gobong/resources/upload/dutamo/mori03.jpg]
[localhost_8091/gobong/resources/upload/dutamo/mori05.jpg]
[localhost_8091/gobong/resources/upload/1690359516357_현장접수.jpg]
[localhost_8091/gobong/board/boarddetail39ab.html]
[localhost_8091/gobong/user/profilea87a.html]
[localhost_8091/gobong/resources/upload/dutamo/tama02.jpg]
[localhost_8091/gobong/resources/upload/dutamo/tama01.jpg]
[localhost_8091/gobong/board/boarddetail5567.html]
[localhost_8091/gobong/user/profile0bcd.html]
[localhost_8091/gobong/resources/upload/dutamo/tama05.jpg]
[localhost_8091/gobong/resources/upload/dutamo/tama04.jpg]
[localhost_8091/gobong/board/boarddetaila250.html]
[localhost_8091/gobong/resources/upload/dutamo/dubu02.jpg]
[localhost_8091/gobong/board/boarddetailc040.html]
[localhost_8091/gobong/user/profile1aec.html]
[localhost_8091/gobong/board/boarddetaila74b.html]
[localhost_8091/gobong/resources/upload/dutamo/mori01.jpg]
[localhost_8091/gobong/board/boarddetailb229.html]
[localhost_8091/gobong/resources/upload/whatsup/43.jpg]
[localhost_8091/gobong/board/boarddetail46cb.html]
[localhost_8091/gobong/user/profilec12d.html]
[localhost_8091/gobong/resources/upload/whatsup/40.jpg]
[localhost_8091/gobong/resources/upload/whatsup/41.jpg]
[localhost_8091/gobong/board/boarddetail4ed1.html]
[localhost_8091/gobong/resources/upload/whatsup/37.jpg]
[localhost_8091/gobong/resources/upload/whatsup/38.jpg]
[localhost_8091/gobong/board/boarddetail4aab.html]
[localhost_8091/gobong/resources/upload/whatsup/35.jpg]
[localhost_8091/gobong/board/boarddetail3a80.html]
[localhost_8091/gobong/resources/upload/whatsup/32.jpg]
[localhost_8091/gobong/resources/upload/whatsup/33.jpg]
[localhost_8091/gobong/board/boarddetail3ecc.html]
[localhost_8091/gobong/resources/upload/whatsup/29.jpg]
[localhost_8091/gobong/resources/upload/whatsup/30.jpg]
[localhost_8091/gobong/board/boarddetail775e.html]
[localhost_8091/gobong/board/boarddetail0b76.html]
[localhost_8091/gobong/resources/upload/whatsup/26.jpg]
[localhost_8091/gobong/board/boarddetail29ff.html]
[localhost_8091/gobong/resources/upload/whatsup/24.jpg]
[localhost_8091/gobong/board/boarddetail0d87.html]
[localhost_8091/gobong/resources/upload/whatsup/22.jpg]
[localhost_8091/gobong/resources/upload/whatsup/20.jpg]
[localhost_8091/gobong/board/boarddetail31c7.html]
[localhost_8091/gobong/resources/upload/whatsup/18.jpg]
[localhost_8091/gobong/resources/upload/whatsup/19.jpg]
[localhost_8091/gobong/board/boarddetail4e20.html]
[localhost_8091/gobong/resources/upload/whatsup/16.jpg]
[localhost_8091/gobong/board/boarddetaild748.html]
[localhost_8091/gobong/resources/upload/whatsup/13.jpg]
[localhost_8091/gobong/resources/upload/whatsup/14.jpg]
[localhost_8091/gobong/board/boarddetail34b1.html]
[localhost_8091/gobong/resources/upload/whatsup/10.jpg]
[localhost_8091/gobong/resources/upload/whatsup/11.jpg]
[localhost_8091/gobong/board/boarddetail933d.html]
[localhost_8091/gobong/resources/upload/whatsup/07.jpg]
[localhost_8091/gobong/resources/upload/whatsup/08.jpg]
[localhost_8091/gobong/board/boarddetail96e3.html]
[localhost_8091/gobong/resources/upload/whatsup/04.jpg]
[localhost_8091/gobong/resources/upload/whatsup/05.jpg]
[localhost_8091/gobong/board/boarddetail5969.html]
[localhost_8091/gobong/resources/upload/whatsup/02.jpg]
[localhost_8091/gobong/resources/upload/whatsup/01.jpg]
[localhost_8091/gobong/board/boarddetail6a90.html]
[localhost_8091/css/main.html]
[localhost_8091/gobong/test/test7047.html]
[localhost_8091/gobong/test/validateTest.html]
[localhost_8091/gobong/test/serverDirectoryTest.html]
[localhost_8091/gobong/test/serverDirectoryTest2.html]
[localhost_8091/gobong/test/fileReaderTest.html]
[localhost_8091/gobong/user/profile7047.html]
[localhost_8091/gobong/resources/css/profile.css]
[localhost_8091/gobong/resources/upload/dutamo/dubu00.html]
[localhost_8091/resources/css/bootstrap.min.html]
[localhost_8091/gobong/test/test/home.html]
[localhost_8091/gobong/resources/upload/1690337346861_noti3.jpg]
[localhost_8091/gobong/user/profilea33b.html]
[localhost_8091/gobong/test/sessionTest.html]
